main.c:59:6:display7SEG	16	static
main.c:176:6:update7SEG	16	static
main.c:212:6:updateClockBuffer	4	static
main.c:223:6:disableAllRows	8	static
main.c:234:6:setColumns	16	static
main.c:245:6:updateLEDMatrix	16	static
main.c:276:6:shiftRight	16	static
main.c:297:5:main	8	static
main.c:384:6:SystemClock_Config	72	static
main.c:420:13:MX_TIM2_Init	32	static
main.c:465:13:MX_GPIO_Init	32	static
main.c:516:6:HAL_TIM_PeriodElapsedCallback	16	static
main.c:525:6:Error_Handler	4	static,ignoring_inline_asm
